<?xml version="1.0" encoding="UTF-8"?>
<TestRun id="b6b96a6a-e4c1-4201-8e23-9e62a861199d" name="chris.mankin@TLCINIR8FR0NY 2013-07-12 15:28:00" runUser="HQDOMAIN\chris.mankin" xmlns="http://microsoft.com/schemas/VisualStudio/TeamTest/2010">
  <TestSettings name="Local" id="70bce9e9-d360-4dd6-8af7-dd0eb2add29d">
    <Description>These are default test settings for a local test run.</Description>
    <Deployment enabled="false" runDeploymentRoot="chris.mankin_TLCINIR8FR0NY 2013-07-12 15_28_00">
      <DeploymentItem filename="C:\Users\chris.mankin\Documents\Visual Studio 2010\Projects\Development\Mercury Framework v2\Src\Mecury.Messaging.Instrumentation.Test\MolesAssemblies\System.Moles.dll" />
      <DeploymentItem filename="C:\Users\chris.mankin\Documents\Visual Studio 2010\Projects\Development\Mercury Framework v2\Src\Mercury.Messaging.Core\bin\Release\Mercury.Messaging.Core.dll" />
      <DeploymentItem filename="C:\Users\chris.mankin\Documents\Visual Studio 2010\Projects\Development\Mercury Framework v2\Src\Mecury.Messaging.Instrumentation.Test\MolesAssemblies\System.Behaviors.dll" />
      <DeploymentItem filename="C:\Users\chris.mankin\Documents\Visual Studio 2010\Projects\Development\Mercury Framework v2\Src\Mercury.Core\bin\Release\Mercury.Core.dll" />
      <DeploymentItem filename="C:\Users\chris.mankin\Documents\Visual Studio 2010\Projects\Development\Mercury Framework v2\Src\Mecury.Messaging.Instrumentation.Test\MolesAssemblies\Mercury.Core.Moles.dll" />
    </Deployment>
    <Execution>
      <TestTypeSpecific />
      <AgentRule name="Execution Agents">
      </AgentRule>
    </Execution>
  </TestSettings>
  <Times creation="2013-07-12T15:28:00.2611354-05:00" queuing="2013-07-12T15:28:02.3899225-05:00" start="2013-07-12T15:28:02.5119103-05:00" finish="2013-07-12T15:31:20.7407063-05:00" />
  <ResultSummary outcome="Error">
    <Counters total="2" executed="2" passed="1" error="0" failed="0" timeout="0" aborted="1" inconclusive="0" passedButRunAborted="0" notRunnable="0" notExecuted="0" disconnected="0" warning="0" completed="0" inProgress="0" pending="0" />
    <RunInfos>
      <RunInfo computerName="TLCINIR8FR0NY" outcome="Error" timestamp="2013-07-12T15:31:20.7397063-05:00">
        <Text>Test host process exited unexpectedly.</Text>
      </RunInfo>
    </RunInfos>
  </ResultSummary>
  <TestDefinitions>
    <UnitTest name="Can_serialize_context_info" storage="c:\users\chris.mankin\documents\visual studio 2010\projects\development\mercury framework v2\src\mecury.messaging.instrumentation.test\bin\release\mercury.messaging.instrumentation.test.dll" id="b576ddba-ba34-6ac7-51d2-d533617911c6">
      <Execution id="52fffc5b-bf64-47cb-8c0d-95b729db725d" />
      <TestMethod codeBase="C:/Users/chris.mankin/Documents/Visual Studio 2010/Projects/Development/Mercury Framework v2/Src/Mecury.Messaging.Instrumentation.Test/bin/Release/Mercury.Messaging.Instrumentation.Test.DLL" adapterTypeName="Microsoft.VisualStudio.TestTools.TestTypes.Unit.UnitTestAdapter, Microsoft.VisualStudio.QualityTools.Tips.UnitTest.Adapter, Version=10.0.0.0, Culture=neutral, PublicKeyToken=b03f5f7f11d50a3a" className="Mercury.Messaging.Instrumentation.Test.Instrumentation_specs, Mercury.Messaging.Instrumentation.Test, Version=1.0.0.0, Culture=neutral, PublicKeyToken=1fd2fa323c9a4f48" name="Can_serialize_context_info" />
    </UnitTest>
    <UnitTest name="Can_create_context_info" storage="c:\users\chris.mankin\documents\visual studio 2010\projects\development\mercury framework v2\src\mecury.messaging.instrumentation.test\bin\release\mercury.messaging.instrumentation.test.dll" id="05996a43-b678-b310-70b4-217860836eec">
      <Execution id="da621dd8-6a0e-4e76-84f4-c40fe0e7eac6" />
      <TestMethod codeBase="C:/Users/chris.mankin/Documents/Visual Studio 2010/Projects/Development/Mercury Framework v2/Src/Mecury.Messaging.Instrumentation.Test/bin/Release/Mercury.Messaging.Instrumentation.Test.DLL" adapterTypeName="Microsoft.VisualStudio.TestTools.TestTypes.Unit.UnitTestAdapter, Microsoft.VisualStudio.QualityTools.Tips.UnitTest.Adapter, Version=10.0.0.0, Culture=neutral, PublicKeyToken=b03f5f7f11d50a3a" className="Mercury.Messaging.Instrumentation.Test.Instrumentation_specs, Mercury.Messaging.Instrumentation.Test, Version=1.0.0.0, Culture=neutral, PublicKeyToken=1fd2fa323c9a4f48" name="Can_create_context_info" />
    </UnitTest>
  </TestDefinitions>
  <TestLists>
    <TestList name="Results Not in a List" id="8c84fa94-04c1-424b-9868-57a2d4851a1d" />
    <TestList name="All Loaded Results" id="19431567-8539-422a-85d7-44ee4e166bda" />
  </TestLists>
  <TestEntries>
    <TestEntry testId="05996a43-b678-b310-70b4-217860836eec" executionId="da621dd8-6a0e-4e76-84f4-c40fe0e7eac6" testListId="8c84fa94-04c1-424b-9868-57a2d4851a1d" />
    <TestEntry testId="b576ddba-ba34-6ac7-51d2-d533617911c6" executionId="52fffc5b-bf64-47cb-8c0d-95b729db725d" testListId="8c84fa94-04c1-424b-9868-57a2d4851a1d" />
  </TestEntries>
  <Results>
    <UnitTestResult executionId="da621dd8-6a0e-4e76-84f4-c40fe0e7eac6" testId="05996a43-b678-b310-70b4-217860836eec" testName="Can_create_context_info" computerName="TLCINIR8FR0NY" duration="00:01:40.2622207" startTime="2013-07-12T15:28:02.6458969-05:00" endTime="2013-07-12T15:29:43.7377063-05:00" testType="13cdc9d9-ddb5-4fa4-a97d-d965ccfc6d4b" outcome="Passed" testListId="8c84fa94-04c1-424b-9868-57a2d4851a1d" relativeResultsDirectory="da621dd8-6a0e-4e76-84f4-c40fe0e7eac6">
    </UnitTestResult>
    <UnitTestResult executionId="52fffc5b-bf64-47cb-8c0d-95b729db725d" testId="b576ddba-ba34-6ac7-51d2-d533617911c6" testName="Can_serialize_context_info" computerName="TLCINIR8FR0NY" duration="00:01:36.9680000" startTime="2013-07-12T15:29:43.7727063-05:00" endTime="2013-07-12T15:31:20.7407063-05:00" testType="13cdc9d9-ddb5-4fa4-a97d-d965ccfc6d4b" outcome="Aborted" testListId="8c84fa94-04c1-424b-9868-57a2d4851a1d" relativeResultsDirectory="52fffc5b-bf64-47cb-8c0d-95b729db725d">
    </UnitTestResult>
  </Results>
</TestRun>